[backblue.gif]
[fade.gif]
[index.html]
[html.designingmedia.com/autorix/assets/images/favicons/apple-icon-57x57.png]
[html.designingmedia.com/autorix/assets/images/favicons/apple-icon-60x60.png]
[html.designingmedia.com/autorix/assets/images/favicons/apple-icon-72x72.png]
[html.designingmedia.com/autorix/assets/images/favicons/apple-icon-76x76.png]
[html.designingmedia.com/autorix/assets/images/favicons/apple-icon-114x114.png]
[html.designingmedia.com/autorix/assets/images/favicons/apple-icon-120x120.png]
[html.designingmedia.com/autorix/assets/images/favicons/apple-icon-144x144.png]
[html.designingmedia.com/autorix/assets/images/favicons/apple-icon-152x152.png]
[html.designingmedia.com/autorix/assets/images/favicons/apple-icon-180x180.png]
[html.designingmedia.com/autorix/assets/images/favicons/android-icon-192x192.png]
[html.designingmedia.com/autorix/assets/images/favicons/favicon-32x32.png]
[html.designingmedia.com/autorix/assets/images/favicons/favicon-96x96.png]
[html.designingmedia.com/autorix/assets/images/favicons/favicon-16x16.png]
[html.designingmedia.com/autorix/assets/images/favicons/ms-icon-144x144.png]
[cdnjs.cloudflare.com/ajax/libs/font-awesome/5.9.0/css/all.min.css]
[cdnjs.cloudflare.com/ajax/libs/font-awesome/6.1.1/css/all.min.css]
[cdnjs.cloudflare.com/ajax/libs/font-awesome/6.1.2/css/all.min.css]
[unpkg.com/aos@2.3.1/dist/aos.css]
[html.designingmedia.com/autorix/assets/images/autorix-logo.png]
[html.designingmedia.com/autorix/assets/images/autorix-banner-img.png]
[html.designingmedia.com/autorix/assets/images/whychooseus-img1.png]
[html.designingmedia.com/autorix/assets/images/whychooseus-img2.png]
[html.designingmedia.com/autorix/assets/images/whychooseus-img3.png]
[html.designingmedia.com/autorix/assets/images/whychooseus-left-img.png]
[html.designingmedia.com/autorix/assets/images/aboutus-center-img.png]
[html.designingmedia.com/autorix/assets/images/our-services-img1.png]
[html.designingmedia.com/autorix/assets/images/our-services-img2.png]
[html.designingmedia.com/autorix/assets/images/our-services-img3.png]
[html.designingmedia.com/autorix/assets/images/our-services-img4.png]
[html.designingmedia.com/autorix/assets/images/our-services-img5.png]
[html.designingmedia.com/autorix/assets/images/our-services-img6.png]
[html.designingmedia.com/autorix/assets/images/our-mission-img1.png]
[html.designingmedia.com/autorix/assets/images/our-mission-right-img.png]
[html.designingmedia.com/autorix/assets/images/teams-img1.png]
[html.designingmedia.com/autorix/assets/images/text-bars.png]
[html.designingmedia.com/autorix/assets/images/teams-img2.png]
[html.designingmedia.com/autorix/assets/images/teams-img3.png]
[html.designingmedia.com/autorix/assets/images/teams-img4.png]
[html.designingmedia.com/autorix/assets/images/teams-bottom-img.png]
[html.designingmedia.com/autorix/assets/images/work-img1.jpg]
[html.designingmedia.com/autorix/assets/images/work-img2.jpg]
[html.designingmedia.com/autorix/assets/images/work-img3.jpg]
[html.designingmedia.com/autorix/assets/images/carousel-left-img.png]
[html.designingmedia.com/autorix/assets/images/carosel-logo.png]
[html.designingmedia.com/autorix/assets/images/footer-right.png]
[html.designingmedia.com/autorix/assets/images/footer-left.png]
[html.designingmedia.com/autorix/assets/images/footer-bar-left.png]
[code.jquery.com/jquery-1.12.1.min.js]
[html.designingmedia.com/autorix/assets/js/bootstrap.min.js]
[html.designingmedia.com/autorix/assets/js/jquery-3.6.0.min.js]
[html.designingmedia.com/autorix/assets/js/popper.min.js]
[html.designingmedia.com/autorix/assets/js/custom-script.js]
[html.designingmedia.com/autorix/assets/js/owl.carousel.js]
[unpkg.com/aos@2.3.1/dist/aos.js]
[html.designingmedia.com/autorix/assets/js/text-animations.js]
[html.designingmedia.com/autorix/assets/js/carousel.js]
[html.designingmedia.com/autorix/assets/js/showhide.js]
[html.designingmedia.com/autorix/index.html]
[html.designingmedia.com/autorix/assets/css/bootstrap.min.css]
[cdnjs.cloudflare.com/ajax/libs/magnific-popup.js/1.1.0/jquery.magnific-popup.js]
[html.designingmedia.com/autorix/assets/images/autorix-background-img.jpg]
[html.designingmedia.com/autorix/assets/images/nav-before-img.png]
[html.designingmedia.com/autorix/assets/images/whychoose-bars.png]
[html.designingmedia.com/autorix/assets/images/aboutus-background.png]
[html.designingmedia.com/autorix/assets/images/about-after-img.png]
[html.designingmedia.com/autorix/assets/images/our-services-background-img.jpg]
[html.designingmedia.com/autorix/assets/images/offer-section-background.jpg]
[html.designingmedia.com/autorix/assets/images/offer-section-left-img.png]
[html.designingmedia.com/autorix/assets/images/offer-section-right-img.png]
[html.designingmedia.com/autorix/assets/images/carousel-section-img.jpg]
[html.designingmedia.com/autorix/assets/images/sub-header-section.jpg]
[html.designingmedia.com/autorix/assets/images/about-before-img.png]
[html.designingmedia.com/autorix/assets/images/about-us-after-img.png]
[html.designingmedia.com/autorix/assets/images/best-choice-background.jpg]
[html.designingmedia.com/autorix/assets/images/best-choice-before.png]
[html.designingmedia.com/autorix/assets/images/red-box-img.png]
[html.designingmedia.com/autorix/assets/images/best-choic-bars.png]
[html.designingmedia.com/autorix/assets/images/dropdown-arrow.png]
[html.designingmedia.com/autorix/assets/css/style.css]
[html.designingmedia.com/autorix/assets/css/mobile.css]
[cdnjs.cloudflare.com/ajax/libs/font-awesome/5.9.0/css/all.min.css]
[cdnjs.cloudflare.com/ajax/libs/font-awesome/6.1.1/css/all.min.css]
[cdnjs.cloudflare.com/ajax/libs/font-awesome/6.1.2/css/all.min.css]
[unpkg.com/aos@2.3.1/dist/aos.css]
[html.designingmedia.com/autorix/assets/css/owl.carousel.min.css]
[html.designingmedia.com/autorix/assets/css/owl.theme.default.min.css]
[cdnjs.cloudflare.com/ajax/libs/magnific-popup.js/1.1.0/magnific-popup.css]
[html.designingmedia.com/autorix/assets/images/about-page-left-img.png]
[html.designingmedia.com/autorix/assets/images/about-red.png]
[html.designingmedia.com/autorix/assets/images/play-video-icon.png]
[html.designingmedia.com/autorix/assets/js/video-popup.js]
[html.designingmedia.com/autorix/aboutus.html]
[html.designingmedia.com/autorix/assets/images/service-offer-img1.png]
[html.designingmedia.com/autorix/assets/images/services-circle-icon1.png]
[html.designingmedia.com/autorix/assets/images/service-offer-img2.png]
[html.designingmedia.com/autorix/assets/images/services-circle-icon2.png]
[html.designingmedia.com/autorix/assets/images/service-offer-img3.png]
[html.designingmedia.com/autorix/assets/images/services-circle-icon3.png]
[html.designingmedia.com/autorix/assets/images/service-offer-img4.png]
[html.designingmedia.com/autorix/assets/images/services-circle-icon4.png]
[html.designingmedia.com/autorix/assets/images/service-offer-img5.png]
[html.designingmedia.com/autorix/assets/images/services-circle-icon5.png]
[html.designingmedia.com/autorix/assets/images/service-offer-img6.png]
[html.designingmedia.com/autorix/assets/images/services-circle-icon6.png]
[html.designingmedia.com/autorix/services.html]
[html.designingmedia.com/autorix/assets/images/our-work-img4.jpg]
[html.designingmedia.com/autorix/assets/images/our-work-img5.jpg]
[html.designingmedia.com/autorix/assets/images/our-work-img6.jpg]
[html.designingmedia.com/autorix/projects.html]
[html.designingmedia.com/autorix/assets/images/product-img1.png]
[html.designingmedia.com/autorix/assets/images/product-img2.png]
[html.designingmedia.com/autorix/assets/js/remove-product.js]
[html.designingmedia.com/autorix/cart.html]
[html.designingmedia.com/autorix/checkout.html]
[html.designingmedia.com/autorix/assets/images/our-team-img1.png]
[html.designingmedia.com/autorix/assets/images/our-team-img2.png]
[html.designingmedia.com/autorix/assets/images/our-team-img3.png]
[html.designingmedia.com/autorix/assets/images/our-team-img4.png]
[html.designingmedia.com/autorix/assets/images/our-team-img5.png]
[html.designingmedia.com/autorix/assets/images/our-team-img6.png]
[html.designingmedia.com/autorix/our-team.html]
[html.designingmedia.com/autorix/assets/images/product-img3.png]
[html.designingmedia.com/autorix/assets/images/product-img4.png]
[html.designingmedia.com/autorix/assets/images/product-img5.png]
[html.designingmedia.com/autorix/assets/images/product-img6.png]
[html.designingmedia.com/autorix/shop.html]
[html.designingmedia.com/autorix/assets/images/contact-icon1.png]
[html.designingmedia.com/autorix/assets/images/contact-icon2.png]
[html.designingmedia.com/autorix/assets/images/contact-icon3.png]
[html.designingmedia.com/autorix/contact.html]
[cdnjs.cloudflare.com/ajax/libs/magnific-popup.js/1.1.0/magnific-popup.css]
[html.designingmedia.com/autorix/assets/js/video-section.js]
[html.designingmedia.com/autorix/assets/js/animations.html]
[html.designingmedia.com/autorix/assets/images/calendar.html]
[html.designingmedia.com/autorix/assets/css/owl.video.play.html]
[html.designingmedia.com/autorix/about.html]
